
> react-portfolio-template@0.1.0 build
> react-scripts build

node.exe : 
(node:3404) 
[DEP0176] 
DeprecationWarning: 
fs.F_OK is 
deprecated, use 
fs.constants.F_OK 
instead
At line:1 char:1
+ & "C:\Program Files
\nodejs/node.exe" 
"C:\Program 
Files\nodejs/node_mo 
...
+ ~~~~~~~~~~~~~~~~~~~
~~~~~~~~~~~~~~~~~~~~~
~~~~~~~~~~~~~~~~~~~~~
~~~~~~~~
    + CategoryInfo   
           : NotSpe  
  cified: ((node:3   
 404) [DE...ts.F_    
OK instead:Strin    
g) [], RemoteExc    
eption
    + FullyQualified 
   ErrorId : Native  
  CommandError
 
(Use `node 
--trace-deprecation 
...` to show where 
the warning was 
created)
Creating an optimized production build...
Browserslist: 
caniuse-lite is 
outdated. Please run:
  npx update-browsers
list-db@latest
  Why you should do 
it regularly: https:/
/github.com/browsersl
ist/update-db#readme
Failed to compile.

Module not found: Error: Can't resolve '../assets/images/mock09.png' in 'C:\kb\react-portfolio-template-master\react-portfolio-template-master\src\components'


